
Memory Configuration

Name             Origin             Length             Attributes
FLASH            0x08000000         0x00080000         xr
SRAM             0x20000000         0x00020000         xrw
*default*        0x00000000         0xffffffff

Linker script and memory map

LOAD object/kfloat.o
LOAD object/kmath.o
LOAD object/kstdio.o
LOAD object/kstring.o
LOAD object/ktimes.o
LOAD object/kunistd.o
LOAD object/schedule.o
LOAD object/sem.o
LOAD object/sys_init.o
LOAD object/kmain.o
LOAD object/clock.o
LOAD object/gpio.o
LOAD object/timer.o
LOAD object/usart.o
LOAD object/stm32_startup.o
LOAD object/cm4.o
LOAD object/syscall.o
LOAD object/times.o
LOAD object/unistd.o

.text           0x08000000     0x3b4c
                0x08000000                _stext = .
 *(.isr_vector)
 .isr_vector    0x08000000      0x1c4 object/stm32_startup.o
                0x08000000                NVIC_VECTOR
 *(.text)
 .text          0x080001c4      0x360 object/kfloat.o
                0x080001c4                __aeabi_f2d
                0x0800028a                __aeabi_d2f
                0x08000310                __aeabi_d2iz
                0x080003a6                __aeabi_d2i
                0x0800043c                get_decimal_part
 .text          0x08000524       0x4e object/kmath.o
                0x08000524                __pow
 *fill*         0x08000572        0x2 
 .text          0x08000574      0x3a8 object/kstdio.o
                0x08000574                kprintf
                0x08000704                kscanf
                0x08000884                kstrcpy
                0x080008c0                kstrcmp
 .text          0x0800091c      0x374 object/kstring.o
                0x0800091c                __str_to_num
                0x080009dc                __reverse_str
                0x08000a3a                __strlen
                0x08000a68                convert
                0x08000ac0                float2str
                0x08000b8c                str2float
 .text          0x08000c90        0x0 object/ktimes.o
 .text          0x08000c90        0x0 object/kunistd.o
 .text          0x08000c90      0x548 object/schedule.o
                0x08000c90                set_sleeping_task
                0x08000cb0                task_start
                0x08000d0c                initialize_queue
                0x08000d58                add_to_ready_queue
                0x08000db4                add_to_blocked_queue
                0x08000e10                ready_queue_front_
                0x08000e70                blocked_queue_front_
                0x08000ebc                is_ready_queue_empty
                0x08000ed4                is_blocked_queue_empty
                0x08000eec                generate_task_id
                0x08000f0c                task_create
                0x08001044                context_switch
                0x08001194                PendSV_Handler
 .text          0x080011d8       0x64 object/sem.o
                0x080011d8                sem_inc
                0x08001204                sem_dec
 .text          0x0800123c       0xac object/sys_init.o
                0x0800123c                __sys_init
 .text          0x080012e8      0x4c4 object/kmain.o
                0x080012e8                print_number
                0x08001370                print_line
                0x080013dc                print_report
                0x080015c4                task_sleep
                0x08001600                Task
                0x080016c4                kmain
 .text          0x080017ac       0xbc object/clock.o
                0x080017ac                DRV_CLOCK_INIT
 .text          0x08001868       0x20 object/gpio.o
                0x08001868                DRV_GPIO_INIT
 .text          0x08001888        0xe object/timer.o
                0x08001888                DRV_TIMER_INIT
 *fill*         0x08001896        0x2 
 .text          0x08001898      0x220 object/usart.o
                0x08001898                DRV_USART_INIT
                0x08001954                UART_SendChar
                0x08001982                _USART_WRITE
                0x080019ba                _USART_READ
                0x08001a16                UART_GetChar
                0x08001a40                _USART_READ_STR
 .text          0x08001ab8      0x170 object/stm32_startup.o
                0x08001ab8                Reset_Handler
                0x08001b70                FLASH_Handler
                0x08001b70                OTG_HS_EP1_IN_Handler
                0x08001b70                DMA2_Stream7_Handler
                0x08001b70                OTG_HS_Handler
                0x08001b70                SPI4_Handler
                0x08001b70                DMA2_Stream3_Handler
                0x08001b70                USART3_Handler
                0x08001b70                NMI_Handler
                0x08001b70                SAI1_Handler
                0x08001b70                TIM6_DAC_Handler
                0x08001b70                CAN1_RX1_Handler
                0x08001b70                EXTI15_10_Handler
                0x08001b70                ADC_Handler
                0x08001b70                I2C1_EV_Handler
                0x08001b70                TAMP_STAMP_Handler
                0x08001b70                I2C3_ER_Handler
                0x08001b70                WWDG_Handler
                0x08001b70                EXTI4_Handler
                0x08001b70                I2C3_EV_Handler
                0x08001b70                DMA1_Stream1_Handler
                0x08001b70                DMA2_Stream4_Handler
                0x08001b70                DMA1_Stream7_Handler
                0x08001b70                OTG_FS_Handler
                0x08001b70                TIM1_BRK_TIM9_Handler
                0x08001b70                I2C1_ER_Handler
                0x08001b70                DMA1_Stream3_Handler
                0x08001b70                UsageFault_Handler
                0x08001b70                TIM1_UP_TIM10_Handler
                0x08001b70                CAN1_RX0_Handler
                0x08001b70                TIM1_CC_Handler
                0x08001b70                I2C2_ER_Handler
                0x08001b70                USART6_Handler
                0x08001b70                TIM8_CC_Handler
                0x08001b70                HDMI_CEC_Handler
                0x08001b70                SAI2_Handler
                0x08001b70                CAN1_SCE_Handler
                0x08001b70                DMA1_Stream0_Handler
                0x08001b70                OTG_HS_EP1_OUT_Handler
                0x08001b70                EXTI1_Handler
                0x08001b70                RTC_WKUP_Handler
                0x08001b70                FMC_Handler
                0x08001b70                EXTI3_Handler
                0x08001b70                EXTI2_Handler
                0x08001b70                UART4_Handler
                0x08001b70                CAN2_RX1_Handler
                0x08001b70                EXTI9_5_Handler
                0x08001b70                TIM2_Handler
                0x08001b70                USART1_Handler
                0x08001b70                CAN2_SCE_Handler
                0x08001b70                TIM3_Handler
                0x08001b70                DMA2_Stream6_Handler
                0x08001b70                Default_Handler
                0x08001b70                DCMI_Handler
                0x08001b70                TIM1_TRG_COM_TIM11_Handler
                0x08001b70                RTC_Alarm_Handler
                0x08001b70                TIM4_Handler
                0x08001b70                TIM8_UP_TIM13_Handler
                0x08001b70                CAN2_TX_Handler
                0x08001b70                SPI2_Handler
                0x08001b70                DMA2_Stream1_Handler
                0x08001b70                DMA1_Stream2_Handler
                0x08001b70                OTG_FS_WKUP_Handler
                0x08001b70                EXTI0_Handler
                0x08001b70                TIM8_BRK_TIM12_Handler
                0x08001b70                CAN2_RX0_Handler
                0x08001b70                DMA2_Stream5_Handler
                0x08001b70                DMA1_Stream6_Handler
                0x08001b70                SDIO_Handler
                0x08001b70                FMPI2C1_ERR_Handler
                0x08001b70                USART2_Handler
                0x08001b70                SPI1_Handler
                0x08001b70                I2C2_EV_Handler
                0x08001b70                SPDIF_Rx_Handler
                0x08001b70                DMA2_Stream2_Handler
                0x08001b70                SPI3_Handler
                0x08001b70                DMA2_Stream0_Handler
                0x08001b70                RCC_Handler
                0x08001b70                PVD_Handler
                0x08001b70                UART5_Handler
                0x08001b70                DMA1_Stream5_Handler
                0x08001b70                TIM5_Handler
                0x08001b70                QuadSPI_Handler
                0x08001b70                TIM7_Handler
                0x08001b70                TIM8_TRG_COM_TIM14_Handler
                0x08001b70                CAN1_TX_Handler
                0x08001b70                FPU_Handler
                0x08001b70                FMPI2C1_Handler
                0x08001b70                OTG_HS_WKUP_Handler
                0x08001b70                DMA1_Stream4_Handler
                0x08001b70                DebugMonitor_Handler
                0x08001b76                HardFault_Handler
                0x08001b88                MemManage_Handler
                0x08001b98                BusFault_Handler
                0x08001ba8                SVCall_Handler
                0x08001bbe                SVC_Handler_C
 .text          0x08001c28      0x600 object/cm4.o
                0x08001c28                __SysTick_init
                0x08001c80                __getTime
                0x08001cb4                SysTick_Handler
                0x08001d04                set_task_pending
                0x08001d30                __enable_fpu
                0x08001d54                SetPriorityGroup
                0x08001d84                __NVIC_SetPriority
                0x08001e84                __NVIC_GetPriority
                0x08001ec4                __NVIC_EnableIRQn
                0x08001f2c                __NVIC_DisableIRQn
                0x08001f98                __NVIC_GetActive
                0x08001ff8                __get_pending_IRQn
                0x08002058                __clear_pending_IRQn
                0x080020c0                __set_pending_IRQn
                0x08002128                __disable_irq
                0x08002138                __enable_irq
                0x08002148                __set_BASEPRI
                0x08002168                __unset_BASEPRI
                0x08002184                __set_PRIMASK
                0x0800219e                __get_PRIMASK
                0x080021b8                __enable_fault_irq
                0x080021c8                __set_FAULTMASK
                0x080021e2                __disable_fault_irq
                0x080021f2                __get_FAULTMASK
                0x0800220c                __get_BASEPRI
 .text          0x08002228      0x478 object/syscall.o
                0x08002228                open_directory
                0x080022f0                close_directory
                0x08002324                get_directory
                0x080023f0                __sys_start_task
                0x08002428                __sys_getpid
                0x08002458                __sys_exit
                0x08002478                __sys_read
                0x080024d4                __sys_write
                0x08002508                __sys_open
                0x08002542                __sys_close
                0x08002562                __sys_gettime
                0x08002584                __sys_reboot
                0x080025a4                __sys_yield
                0x080025c4                syscall
 .text          0x080026a0        0x0 object/times.o
 .text          0x080026a0      0x8d0 object/unistd.o
                0x080026a0                exit
                0x080026b0                getpid
                0x080026e0                read
                0x0800270e                write
                0x0800273c                fopen
                0x08002764                fclose
                0x08002786                get_time
                0x080027a4                reboot
                0x080027b4                yield
                0x080027c4                printf
                0x08002ab4                uscanf
                0x08002c5e                fprintf
 *(.rodata)
 .rodata        0x08002f70       0xa8 object/schedule.o
                0x08003016                initial_task_id
 .rodata        0x08003018      0x15c object/sys_init.o
 .rodata        0x08003174      0x1f2 object/kmain.o
 *fill*         0x08003366        0x2 
 .rodata        0x08003368       0x46 object/stm32_startup.o
 *fill*         0x080033ae        0x2 
 .rodata        0x080033b0      0x77d object/syscall.o
                0x080039a0                sys_errlist
                0x08003aa4                sys_nerr
 *fill*         0x08003b2d        0x3 
 .rodata        0x08003b30       0x1a object/unistd.o
                0x08003b4c                . = ALIGN (0x4)
 *fill*         0x08003b4a        0x2 
                0x08003b4c                _etext = .
                0x08003b4c                _la_data = LOADADDR (.data)

.glue_7         0x08003b4c        0x0
 .glue_7        0x08003b4c        0x0 linker stubs

.glue_7t        0x08003b4c        0x0
 .glue_7t       0x08003b4c        0x0 linker stubs

.vfp11_veneer   0x08003b4c        0x0
 .vfp11_veneer  0x08003b4c        0x0 linker stubs

.v4_bx          0x08003b4c        0x0
 .v4_bx         0x08003b4c        0x0 linker stubs

.iplt           0x08003b4c        0x0
 .iplt          0x08003b4c        0x0 object/kstdio.o

.rel.dyn        0x08003b4c        0x0
 .rel.iplt      0x08003b4c        0x0 object/kstdio.o

.data           0x20000000       0x5c load address 0x08003b4c
                0x20000000                _sdata = .
 *(.data)
 .data          0x20000000        0x0 object/kfloat.o
 .data          0x20000000        0x0 object/kmath.o
 .data          0x20000000        0x0 object/kstdio.o
 .data          0x20000000       0x25 object/kstring.o
 .data          0x20000025        0x0 object/ktimes.o
 .data          0x20000025        0x0 object/kunistd.o
 *fill*         0x20000025        0x3 
 .data          0x20000028       0x16 object/schedule.o
                0x20000028                pri_vals
                0x2000003c                last_assigned
 .data          0x2000003e        0x0 object/sem.o
 .data          0x2000003e        0x0 object/sys_init.o
 *fill*         0x2000003e        0x2 
 .data          0x20000040       0x1c object/kmain.o
                0x20000040                x
                0x20000044                spaces
 .data          0x2000005c        0x0 object/clock.o
 .data          0x2000005c        0x0 object/gpio.o
 .data          0x2000005c        0x0 object/timer.o
 .data          0x2000005c        0x0 object/usart.o
 .data          0x2000005c        0x0 object/stm32_startup.o
 .data          0x2000005c        0x0 object/cm4.o
 .data          0x2000005c        0x0 object/syscall.o
 .data          0x2000005c        0x0 object/times.o
 .data          0x2000005c        0x0 object/unistd.o
                0x2000005c                . = ALIGN (0x4)
                0x2000005c                _edata = .

.igot.plt       0x2000005c        0x0 load address 0x08003ba8
 .igot.plt      0x2000005c        0x0 object/kstdio.o

.bss            0x2000005c      0xefc load address 0x08003ba8
                0x2000005c                _sbss = .
 *(.bss)
 .bss           0x2000005c        0x0 object/kfloat.o
 .bss           0x2000005c        0x0 object/kmath.o
 .bss           0x2000005c        0x0 object/kstdio.o
 .bss           0x2000005c       0x32 object/kstring.o
 .bss           0x2000008e        0x0 object/ktimes.o
 .bss           0x2000008e        0x0 object/kunistd.o
 *fill*         0x2000008e        0x2 
 .bss           0x20000090       0xf4 object/schedule.o
                0x20000090                rq
                0x20000104                bq
                0x20000178                current
                0x2000017c                __sleep
                0x20000180                t1
                0x20000182                t2
 .bss           0x20000184        0x0 object/sem.o
 .bss           0x20000184        0x0 object/sys_init.o
 .bss           0x20000184      0x2bc object/kmain.o
                0x20000184                semaphore
                0x20000188                option
                0x2000018c                condition
                0x20000190                task
                0x200003f8                _sleep
                0x20000414                count
                0x20000418                finished
 .bss           0x20000440        0x0 object/clock.o
 .bss           0x20000440        0x0 object/gpio.o
 .bss           0x20000440        0x0 object/timer.o
 .bss           0x20000440        0x0 object/usart.o
 .bss           0x20000440        0xc object/stm32_startup.o
                0x20000440                _bss_size
                0x20000444                _data_size
                0x20000448                _text_size
 .bss           0x2000044c        0x8 object/cm4.o
 .bss           0x20000454      0xb04 object/syscall.o
                0x20000454                directory
                0x20000f54                current_index
 .bss           0x20000f58        0x0 object/times.o
 .bss           0x20000f58        0x0 object/unistd.o
                0x20000f58                _ebss = .
OUTPUT(target/asst03.elf elf32-littlearm)
LOAD linker stubs

.comment        0x00000000       0x49
 .comment       0x00000000       0x49 object/kfloat.o
                                 0x4a (size before relaxing)
 .comment       0x00000049       0x4a object/kmath.o
 .comment       0x00000049       0x4a object/kstdio.o
 .comment       0x00000049       0x4a object/kstring.o
 .comment       0x00000049       0x4a object/ktimes.o
 .comment       0x00000049       0x4a object/kunistd.o
 .comment       0x00000049       0x4a object/schedule.o
 .comment       0x00000049       0x4a object/sem.o
 .comment       0x00000049       0x4a object/sys_init.o
 .comment       0x00000049       0x4a object/kmain.o
 .comment       0x00000049       0x4a object/clock.o
 .comment       0x00000049       0x4a object/gpio.o
 .comment       0x00000049       0x4a object/timer.o
 .comment       0x00000049       0x4a object/usart.o
 .comment       0x00000049       0x4a object/stm32_startup.o
 .comment       0x00000049       0x4a object/cm4.o
 .comment       0x00000049       0x4a object/syscall.o
 .comment       0x00000049       0x4a object/times.o
 .comment       0x00000049       0x4a object/unistd.o

.ARM.attributes
                0x00000000       0x32
 .ARM.attributes
                0x00000000       0x32 object/kfloat.o
 .ARM.attributes
                0x00000032       0x32 object/kmath.o
 .ARM.attributes
                0x00000064       0x32 object/kstdio.o
 .ARM.attributes
                0x00000096       0x32 object/kstring.o
 .ARM.attributes
                0x000000c8       0x32 object/ktimes.o
 .ARM.attributes
                0x000000fa       0x32 object/kunistd.o
 .ARM.attributes
                0x0000012c       0x32 object/schedule.o
 .ARM.attributes
                0x0000015e       0x32 object/sem.o
 .ARM.attributes
                0x00000190       0x32 object/sys_init.o
 .ARM.attributes
                0x000001c2       0x32 object/kmain.o
 .ARM.attributes
                0x000001f4       0x32 object/clock.o
 .ARM.attributes
                0x00000226       0x32 object/gpio.o
 .ARM.attributes
                0x00000258       0x32 object/timer.o
 .ARM.attributes
                0x0000028a       0x32 object/usart.o
 .ARM.attributes
                0x000002bc       0x32 object/stm32_startup.o
 .ARM.attributes
                0x000002ee       0x32 object/cm4.o
 .ARM.attributes
                0x00000320       0x32 object/syscall.o
 .ARM.attributes
                0x00000352       0x32 object/times.o
 .ARM.attributes
                0x00000384       0x32 object/unistd.o
