
Memory Configuration

Name             Origin             Length             Attributes
FLASH            0x08000000         0x00080000         xr
SRAM             0x20000000         0x00020000         xrw
*default*        0x00000000         0xffffffff

Linker script and memory map

LOAD object/kfloat.o
LOAD object/kmath.o
LOAD object/kstdio.o
LOAD object/kstring.o
LOAD object/ktimes.o
LOAD object/kunistd.o
LOAD object/schedule.o
LOAD object/sys_init.o
LOAD object/kmain.o
LOAD object/clock.o
LOAD object/gpio.o
LOAD object/timer.o
LOAD object/usart.o
LOAD object/stm32_startup.o
LOAD object/cm4.o
LOAD object/syscall.o
LOAD object/times.o
LOAD object/unistd.o

.text           0x08000000     0x348c
                0x08000000                _stext = .
 *(.isr_vector)
 .isr_vector    0x08000000      0x1c4 object/stm32_startup.o
                0x08000000                NVIC_VECTOR
 *(.text)
 .text          0x080001c4      0x360 object/kfloat.o
                0x080001c4                __aeabi_f2d
                0x0800028a                __aeabi_d2f
                0x08000310                __aeabi_d2iz
                0x080003a6                __aeabi_d2i
                0x0800043c                get_decimal_part
 .text          0x08000524       0x4e object/kmath.o
                0x08000524                __pow
 *fill*         0x08000572        0x2 
 .text          0x08000574      0x310 object/kstdio.o
                0x08000574                kprintf
                0x08000704                kscanf
 .text          0x08000884      0x3bc object/kstring.o
                0x08000884                __str_to_num
                0x08000944                __reverse_str
                0x080009a2                __strcpy
                0x080009ea                __strlen
                0x08000a18                convert
                0x08000a70                float2str
                0x08000b3c                str2float
 .text          0x08000c40        0x0 object/ktimes.o
 .text          0x08000c40        0x0 object/kunistd.o
 .text          0x08000c40      0x31c object/schedule.o
                0x08000c40                set_sleeping_task
                0x08000c60                task_start
                0x08000ca4                initialize_queue
                0x08000cd0                add_to_ready_queue
                0x08000d2c                queue_front_
                0x08000d8c                is_queue_empty
                0x08000da4                generate_task_id
                0x08000dc4                task_create
                0x08000ed4                _schedule
                0x08000f18                PendSV_Handler
 .text          0x08000f5c       0xb8 object/sys_init.o
                0x08000f5c                __sys_init
 .text          0x08001014      0x588 object/kmain.o
                0x08001014                __init_dev_table
                0x080011a4                taskIdle_sleep
                0x080011dc                task1
                0x08001258                task2
                0x080012d4                task3
                0x08001350                unprivileged_mode
                0x0800136a                __set_interrupt_priorities
                0x08001390                print_device_list
                0x08001440                SVCall_Checking_Test
                0x080014d0                kmain
 .text          0x0800159c       0xbc object/clock.o
                0x0800159c                DRV_CLOCK_INIT
 .text          0x08001658       0x20 object/gpio.o
                0x08001658                DRV_GPIO_INIT
 .text          0x08001678        0xe object/timer.o
                0x08001678                DRV_TIMER_INIT
 *fill*         0x08001686        0x2 
 .text          0x08001688      0x220 object/usart.o
                0x08001688                DRV_USART_INIT
                0x08001744                UART_SendChar
                0x08001772                _USART_WRITE
                0x080017aa                _USART_READ
                0x08001806                UART_GetChar
                0x08001830                _USART_READ_STR
 .text          0x080018a8      0x170 object/stm32_startup.o
                0x080018a8                Reset_Handler
                0x08001960                FLASH_Handler
                0x08001960                OTG_HS_EP1_IN_Handler
                0x08001960                DMA2_Stream7_Handler
                0x08001960                OTG_HS_Handler
                0x08001960                SPI4_Handler
                0x08001960                DMA2_Stream3_Handler
                0x08001960                USART3_Handler
                0x08001960                NMI_Handler
                0x08001960                SAI1_Handler
                0x08001960                TIM6_DAC_Handler
                0x08001960                CAN1_RX1_Handler
                0x08001960                EXTI15_10_Handler
                0x08001960                ADC_Handler
                0x08001960                I2C1_EV_Handler
                0x08001960                TAMP_STAMP_Handler
                0x08001960                I2C3_ER_Handler
                0x08001960                WWDG_Handler
                0x08001960                EXTI4_Handler
                0x08001960                I2C3_EV_Handler
                0x08001960                DMA1_Stream1_Handler
                0x08001960                DMA2_Stream4_Handler
                0x08001960                DMA1_Stream7_Handler
                0x08001960                OTG_FS_Handler
                0x08001960                TIM1_BRK_TIM9_Handler
                0x08001960                I2C1_ER_Handler
                0x08001960                DMA1_Stream3_Handler
                0x08001960                UsageFault_Handler
                0x08001960                TIM1_UP_TIM10_Handler
                0x08001960                CAN1_RX0_Handler
                0x08001960                TIM1_CC_Handler
                0x08001960                I2C2_ER_Handler
                0x08001960                USART6_Handler
                0x08001960                TIM8_CC_Handler
                0x08001960                HDMI_CEC_Handler
                0x08001960                SAI2_Handler
                0x08001960                CAN1_SCE_Handler
                0x08001960                DMA1_Stream0_Handler
                0x08001960                OTG_HS_EP1_OUT_Handler
                0x08001960                EXTI1_Handler
                0x08001960                RTC_WKUP_Handler
                0x08001960                FMC_Handler
                0x08001960                EXTI3_Handler
                0x08001960                EXTI2_Handler
                0x08001960                UART4_Handler
                0x08001960                CAN2_RX1_Handler
                0x08001960                EXTI9_5_Handler
                0x08001960                TIM2_Handler
                0x08001960                USART1_Handler
                0x08001960                CAN2_SCE_Handler
                0x08001960                TIM3_Handler
                0x08001960                DMA2_Stream6_Handler
                0x08001960                Default_Handler
                0x08001960                DCMI_Handler
                0x08001960                TIM1_TRG_COM_TIM11_Handler
                0x08001960                RTC_Alarm_Handler
                0x08001960                TIM4_Handler
                0x08001960                TIM8_UP_TIM13_Handler
                0x08001960                CAN2_TX_Handler
                0x08001960                SPI2_Handler
                0x08001960                DMA2_Stream1_Handler
                0x08001960                DMA1_Stream2_Handler
                0x08001960                OTG_FS_WKUP_Handler
                0x08001960                EXTI0_Handler
                0x08001960                TIM8_BRK_TIM12_Handler
                0x08001960                CAN2_RX0_Handler
                0x08001960                DMA2_Stream5_Handler
                0x08001960                DMA1_Stream6_Handler
                0x08001960                SDIO_Handler
                0x08001960                FMPI2C1_ERR_Handler
                0x08001960                USART2_Handler
                0x08001960                SPI1_Handler
                0x08001960                I2C2_EV_Handler
                0x08001960                SPDIF_Rx_Handler
                0x08001960                DMA2_Stream2_Handler
                0x08001960                SPI3_Handler
                0x08001960                DMA2_Stream0_Handler
                0x08001960                RCC_Handler
                0x08001960                PVD_Handler
                0x08001960                UART5_Handler
                0x08001960                DMA1_Stream5_Handler
                0x08001960                TIM5_Handler
                0x08001960                QuadSPI_Handler
                0x08001960                TIM7_Handler
                0x08001960                TIM8_TRG_COM_TIM14_Handler
                0x08001960                CAN1_TX_Handler
                0x08001960                FPU_Handler
                0x08001960                FMPI2C1_Handler
                0x08001960                OTG_HS_WKUP_Handler
                0x08001960                DMA1_Stream4_Handler
                0x08001960                DebugMonitor_Handler
                0x08001966                HardFault_Handler
                0x08001978                MemManage_Handler
                0x08001988                BusFault_Handler
                0x08001998                SVCall_Handler
                0x080019ae                SVC_Handler_C
 .text          0x08001a18      0x6c8 object/cm4.o
                0x08001a18                __SysTick_init
                0x08001a70                __sysTick_enable
                0x08001a9c                __sysTick_disable
                0x08001ac8                __getSysTickCount
                0x08001ae0                __updateSysTick
                0x08001b38                __getTime
                0x08001b6c                SysTick_Handler
                0x08001bbc                set_task_pending
                0x08001be8                __enable_fpu
                0x08001c0c                SetPriorityGroup
                0x08001c3c                __NVIC_SetPriority
                0x08001d3c                __NVIC_GetPriority
                0x08001d7c                __NVIC_EnableIRQn
                0x08001de4                __NVIC_DisableIRQn
                0x08001e50                __NVIC_GetActive
                0x08001eb0                __get_pending_IRQn
                0x08001f10                __clear_pending_IRQn
                0x08001f78                __set_pending_IRQn
                0x08001fe0                __disable_irq
                0x08001ff0                __enable_irq
                0x08002000                __set_BASEPRI
                0x08002020                __unset_BASEPRI
                0x0800203c                __set_PRIMASK
                0x08002056                __get_PRIMASK
                0x08002070                __enable_fault_irq
                0x08002080                __set_FAULTMASK
                0x0800209a                __disable_fault_irq
                0x080020aa                __get_FAULTMASK
                0x080020c4                __get_BASEPRI
 .text          0x080020e0      0x20c object/syscall.o
                0x080020e0                __sys_start_task
                0x08002118                __sys_getpid
                0x0800213c                __sys_exit
                0x0800215c                __sys_read
                0x080021b8                __sys_write
                0x080021ec                __sys_gettime
                0x0800220e                __sys_reboot
                0x0800222c                __sys_yield
                0x0800224c                syscall
 .text          0x080022ec        0x0 object/times.o
 .text          0x080022ec      0x5f0 object/unistd.o
                0x080022ec                fopen
                0x0800231c                fclose
                0x0800233e                exit
                0x0800234e                getpid
                0x0800236e                read
                0x0800239c                write
                0x080023ca                get_time
                0x080023e8                reboot
                0x08002400                yield
                0x08002410                uprintf
                0x08002700                uscanf
                0x080028aa                my_scanf
 *(.rodata)
 .rodata        0x080028dc       0x72 object/schedule.o
                0x0800294c                initial_task_id
 *fill*         0x0800294e        0x2 
 .rodata        0x08002950      0x113 object/sys_init.o
 *fill*         0x08002a63        0x1 
 .rodata        0x08002a64      0x2d8 object/kmain.o
 .rodata        0x08002d3c       0x46 object/stm32_startup.o
 *fill*         0x08002d82        0x2 
 .rodata        0x08002d84      0x705 object/syscall.o
                0x08003374                sys_errlist
                0x08003478                sys_nerr
                0x0800348c                . = ALIGN (0x4)
 *fill*         0x08003489        0x3 
                0x0800348c                _etext = .
                0x0800348c                _la_data = LOADADDR (.data)

.glue_7         0x0800348c        0x0
 .glue_7        0x0800348c        0x0 linker stubs

.glue_7t        0x0800348c        0x0
 .glue_7t       0x0800348c        0x0 linker stubs

.vfp11_veneer   0x0800348c        0x0
 .vfp11_veneer  0x0800348c        0x0 linker stubs

.v4_bx          0x0800348c        0x0
 .v4_bx         0x0800348c        0x0 linker stubs

.iplt           0x0800348c        0x0
 .iplt          0x0800348c        0x0 object/kstdio.o

.rel.dyn        0x0800348c        0x0
 .rel.iplt      0x0800348c        0x0 object/kstdio.o

.data           0x20000000       0x28 load address 0x0800348c
                0x20000000                _sdata = .
 *(.data)
 .data          0x20000000        0x0 object/kfloat.o
 .data          0x20000000        0x0 object/kmath.o
 .data          0x20000000        0x0 object/kstdio.o
 .data          0x20000000       0x25 object/kstring.o
 .data          0x20000025        0x0 object/ktimes.o
 .data          0x20000025        0x0 object/kunistd.o
 *fill*         0x20000025        0x1 
 .data          0x20000026        0x2 object/schedule.o
                0x20000026                last_assigned
 .data          0x20000028        0x0 object/sys_init.o
 .data          0x20000028        0x0 object/kmain.o
 .data          0x20000028        0x0 object/clock.o
 .data          0x20000028        0x0 object/gpio.o
 .data          0x20000028        0x0 object/timer.o
 .data          0x20000028        0x0 object/usart.o
 .data          0x20000028        0x0 object/stm32_startup.o
 .data          0x20000028        0x0 object/cm4.o
 .data          0x20000028        0x0 object/syscall.o
 .data          0x20000028        0x0 object/times.o
 .data          0x20000028        0x0 object/unistd.o
                0x20000028                . = ALIGN (0x4)
                0x20000028                _edata = .

.igot.plt       0x20000028        0x0 load address 0x080034b4
 .igot.plt      0x20000028        0x0 object/kstdio.o

.bss            0x20000028      0xcf0 load address 0x080034b4
                0x20000028                _sbss = .
 *(.bss)
 .bss           0x20000028        0x0 object/kfloat.o
 .bss           0x20000028        0x0 object/kmath.o
 .bss           0x20000028        0x0 object/kstdio.o
 .bss           0x20000028       0x32 object/kstring.o
 .bss           0x2000005a        0x0 object/ktimes.o
 .bss           0x2000005a        0x0 object/kunistd.o
 *fill*         0x2000005a        0x2 
 .bss           0x2000005c       0x40 object/schedule.o
                0x2000005c                rq
                0x20000094                current
                0x20000098                __sleep
 .bss           0x2000009c        0x0 object/sys_init.o
 .bss           0x2000009c      0xc68 object/kmain.o
                0x2000009c                task
                0x200001dc                idleTask
                0x200001fc                device_list
                0x20000cfc                count
                0x20000d00                device_count
 .bss           0x20000d04        0x0 object/clock.o
 .bss           0x20000d04        0x0 object/gpio.o
 .bss           0x20000d04        0x0 object/timer.o
 .bss           0x20000d04        0x0 object/usart.o
 .bss           0x20000d04        0xc object/stm32_startup.o
                0x20000d04                _bss_size
                0x20000d08                _data_size
                0x20000d0c                _text_size
 .bss           0x20000d10        0x8 object/cm4.o
 .bss           0x20000d18        0x0 object/syscall.o
 .bss           0x20000d18        0x0 object/times.o
 .bss           0x20000d18        0x0 object/unistd.o
                0x20000d18                _ebss = .
OUTPUT(target/asst03.elf elf32-littlearm)
LOAD linker stubs

.comment        0x00000000       0x49
 .comment       0x00000000       0x49 object/kfloat.o
                                 0x4a (size before relaxing)
 .comment       0x00000049       0x4a object/kmath.o
 .comment       0x00000049       0x4a object/kstdio.o
 .comment       0x00000049       0x4a object/kstring.o
 .comment       0x00000049       0x4a object/ktimes.o
 .comment       0x00000049       0x4a object/kunistd.o
 .comment       0x00000049       0x4a object/schedule.o
 .comment       0x00000049       0x4a object/sys_init.o
 .comment       0x00000049       0x4a object/kmain.o
 .comment       0x00000049       0x4a object/clock.o
 .comment       0x00000049       0x4a object/gpio.o
 .comment       0x00000049       0x4a object/timer.o
 .comment       0x00000049       0x4a object/usart.o
 .comment       0x00000049       0x4a object/stm32_startup.o
 .comment       0x00000049       0x4a object/cm4.o
 .comment       0x00000049       0x4a object/syscall.o
 .comment       0x00000049       0x4a object/times.o
 .comment       0x00000049       0x4a object/unistd.o

.ARM.attributes
                0x00000000       0x32
 .ARM.attributes
                0x00000000       0x32 object/kfloat.o
 .ARM.attributes
                0x00000032       0x32 object/kmath.o
 .ARM.attributes
                0x00000064       0x32 object/kstdio.o
 .ARM.attributes
                0x00000096       0x32 object/kstring.o
 .ARM.attributes
                0x000000c8       0x32 object/ktimes.o
 .ARM.attributes
                0x000000fa       0x32 object/kunistd.o
 .ARM.attributes
                0x0000012c       0x32 object/schedule.o
 .ARM.attributes
                0x0000015e       0x32 object/sys_init.o
 .ARM.attributes
                0x00000190       0x32 object/kmain.o
 .ARM.attributes
                0x000001c2       0x32 object/clock.o
 .ARM.attributes
                0x000001f4       0x32 object/gpio.o
 .ARM.attributes
                0x00000226       0x32 object/timer.o
 .ARM.attributes
                0x00000258       0x32 object/usart.o
 .ARM.attributes
                0x0000028a       0x32 object/stm32_startup.o
 .ARM.attributes
                0x000002bc       0x32 object/cm4.o
 .ARM.attributes
                0x000002ee       0x32 object/syscall.o
 .ARM.attributes
                0x00000320       0x32 object/times.o
 .ARM.attributes
                0x00000352       0x32 object/unistd.o
